2025-05-21 16:14:53,526 [Worker-5: Loading available Gradle versions] INFO  o.e.b.c.i.u.g.PublishedGradleVersions - Gradle version information cache is not available. Remote download required.
2025-05-21 16:16:20,661 [Worker-3: Building] INFO  o.e.m.c.i.l.LifecycleMappingFactory - Using org.eclipse.m2e.jdt.JarLifecycleMapping lifecycle mapping for MavenProject: com.bridgelabz:employeepayrollapp:0.0.1-SNAPSHOT @ C:\Users\Aaditya G\OneDrive\Desktop\SpringBoot\EmployeePayrollSql\EmployeePayrollApp\pom.xml.
2025-05-21 16:16:22,456 [Worker-3: Building] INFO  o.a.m.s.f.DefaultMavenResourcesFiltering - Copying 1 resource from src\main\resources to target\classes
2025-05-21 16:16:22,488 [Worker-3: Building] INFO  o.a.m.s.f.DefaultMavenResourcesFiltering - Copying 0 resource from src\main\resources to target\classes
2025-05-21 16:16:22,496 [Worker-3: Building] INFO  o.a.m.s.f.DefaultMavenResourcesFiltering - skip non existing resourceDirectory C:\Users\Aaditya G\OneDrive\Desktop\SpringBoot\EmployeePayrollSql\EmployeePayrollApp\src\test\resources
2025-05-21 16:16:23,374 [Worker-5: Updating Maven Dependencies] INFO  o.e.m.c.i.l.LifecycleMappingFactory - Using org.eclipse.m2e.jdt.JarLifecycleMapping lifecycle mapping for MavenProject: com.bridgelabz:employeepayrollapp:0.0.1-SNAPSHOT @ C:\Users\Aaditya G\OneDrive\Desktop\SpringBoot\EmployeePayrollSql\EmployeePayrollApp\pom.xml.
2025-05-21 16:16:24,635 [Worker-3: Building] INFO  o.a.m.s.f.DefaultMavenResourcesFiltering - Copying 1 resource from src\main\resources to target\classes
2025-05-21 16:16:24,663 [Worker-3: Building] INFO  o.a.m.s.f.DefaultMavenResourcesFiltering - Copying 0 resource from src\main\resources to target\classes
2025-05-21 16:16:24,671 [Worker-3: Building] INFO  o.a.m.s.f.DefaultMavenResourcesFiltering - skip non existing resourceDirectory C:\Users\Aaditya G\OneDrive\Desktop\SpringBoot\EmployeePayrollSql\EmployeePayrollApp\src\test\resources
2025-05-21 16:20:10,463 [Worker-13: Building] INFO  o.a.m.s.f.DefaultMavenResourcesFiltering - Copying 1 resource from src\main\resources to target\classes
2025-05-21 16:20:10,472 [Worker-13: Building] INFO  o.a.m.s.f.DefaultMavenResourcesFiltering - Copying 0 resource from src\main\resources to target\classes
2025-05-21 16:20:10,477 [Worker-13: Building] INFO  o.a.m.s.f.DefaultMavenResourcesFiltering - skip non existing resourceDirectory C:\Users\Aaditya G\OneDrive\Desktop\SpringBoot\EmployeePayrollSql\EmployeePayrollApp\src\test\resources
2025-05-21 16:21:07,205 [Worker-12: Building] INFO  o.a.m.s.f.DefaultMavenResourcesFiltering - Copying 1 resource from src\main\resources to target\classes
2025-05-21 16:21:07,213 [Worker-12: Building] INFO  o.a.m.s.f.DefaultMavenResourcesFiltering - Copying 0 resource from src\main\resources to target\classes
2025-05-21 16:21:07,220 [Worker-12: Building] INFO  o.a.m.s.f.DefaultMavenResourcesFiltering - skip non existing resourceDirectory C:\Users\Aaditya G\OneDrive\Desktop\SpringBoot\EmployeePayrollSql\EmployeePayrollApp\src\test\resources
2025-05-21 16:21:18,243 [Worker-2: Building] INFO  o.a.m.s.f.DefaultMavenResourcesFiltering - Copying 1 resource from src\main\resources to target\classes
2025-05-21 16:21:18,249 [Worker-2: Building] INFO  o.a.m.s.f.DefaultMavenResourcesFiltering - Copying 0 resource from src\main\resources to target\classes
2025-05-21 16:21:18,253 [Worker-2: Building] INFO  o.a.m.s.f.DefaultMavenResourcesFiltering - skip non existing resourceDirectory C:\Users\Aaditya G\OneDrive\Desktop\SpringBoot\EmployeePayrollSql\EmployeePayrollApp\src\test\resources
2025-05-21 16:22:42,185 [Worker-2: Building] INFO  o.a.m.s.f.DefaultMavenResourcesFiltering - Copying 1 resource from src\main\resources to target\classes
2025-05-21 16:22:42,191 [Worker-2: Building] INFO  o.a.m.s.f.DefaultMavenResourcesFiltering - Copying 0 resource from src\main\resources to target\classes
2025-05-21 16:22:42,197 [Worker-2: Building] INFO  o.a.m.s.f.DefaultMavenResourcesFiltering - skip non existing resourceDirectory C:\Users\Aaditya G\OneDrive\Desktop\SpringBoot\EmployeePayrollSql\EmployeePayrollApp\src\test\resources
2025-05-21 16:22:53,137 [Worker-14: Building] INFO  o.a.m.s.f.DefaultMavenResourcesFiltering - Copying 1 resource from src\main\resources to target\classes
2025-05-21 16:22:53,143 [Worker-14: Building] INFO  o.a.m.s.f.DefaultMavenResourcesFiltering - Copying 0 resource from src\main\resources to target\classes
2025-05-21 16:22:53,146 [Worker-14: Building] INFO  o.a.m.s.f.DefaultMavenResourcesFiltering - skip non existing resourceDirectory C:\Users\Aaditya G\OneDrive\Desktop\SpringBoot\EmployeePayrollSql\EmployeePayrollApp\src\test\resources
2025-05-21 16:23:30,911 [Worker-2: Building] INFO  o.a.m.s.f.DefaultMavenResourcesFiltering - Copying 1 resource from src\main\resources to target\classes
2025-05-21 16:23:30,921 [Worker-2: Building] INFO  o.a.m.s.f.DefaultMavenResourcesFiltering - Copying 0 resource from src\main\resources to target\classes
2025-05-21 16:23:30,929 [Worker-2: Building] INFO  o.a.m.s.f.DefaultMavenResourcesFiltering - skip non existing resourceDirectory C:\Users\Aaditya G\OneDrive\Desktop\SpringBoot\EmployeePayrollSql\EmployeePayrollApp\src\test\resources
2025-05-21 16:23:46,521 [Worker-14: Building] INFO  o.a.m.s.f.DefaultMavenResourcesFiltering - Copying 1 resource from src\main\resources to target\classes
2025-05-21 16:23:46,534 [Worker-14: Building] INFO  o.a.m.s.f.DefaultMavenResourcesFiltering - Copying 0 resource from src\main\resources to target\classes
2025-05-21 16:23:46,538 [Worker-14: Building] INFO  o.a.m.s.f.DefaultMavenResourcesFiltering - skip non existing resourceDirectory C:\Users\Aaditya G\OneDrive\Desktop\SpringBoot\EmployeePayrollSql\EmployeePayrollApp\src\test\resources
